<!DOCTYPE html>
<html>
<head>
    <meta http-equiv="content-type" content="text/html; charset=UTF-8">
    <title>Test2</title>
</head>
<body cz-shortcut-listen="true">
<h1>Products</h1>

<h2>First Person Shooters</h2>
<table width="400">
    <tbody>
    <tr>
        <th align="left">Product</th>
        <th align="right">Price</th>
    </tr>

    <tr>
        <td>Counter-Strike: Global Offensive</td>
        <td align="right">R 159.00</td>
    </tr>

    <tr>
        <td>DOOM</td>
        <td align="right">R 799.00</td>
    </tr>

    <tr>
        <td>Farcry Primal</td>
        <td align="right">R 549.00</td>
    </tr>

    <tr>
        <td>Left 4 Dead 2</td>
        <td align="right">R 219.00</td>
    </tr>
    </tbody>
</table>
<h2>Real Time Strategy Games</h2>
<table width="400">
    <tbody>
    <tr>
        <th align="left">Product</th>
        <th align="right">Price</th>
    </tr>

    <tr>
        <td>Age of Empires 3: Complete Collection</td>
        <td align="right">R 409.00</td>
    </tr>

    <tr>
        <td>Age of Mythology: Extended Edition</td>
        <td align="right">R 319.00</td>
    </tr>

    <tr>
        <td>Command &amp; Conquer: Red Alert 3</td>
        <td align="right">R 219.00</td>
    </tr>

    <tr>
        <td>Homeworld Remastered Collection</td>
        <td align="right">R 359.00</td>
    </tr>

    <tr>
        <td>Rise of Nations: Extended Edition</td>
        <td align="right">R 219.00</td>
    </tr>
    </tbody>
</table>
<h2>Role Playing Games</h2>
<table width="400">
    <tbody>
    <tr>
        <th align="left">Product</th>
        <th align="right">Price</th>
    </tr>

    <tr>
        <td>Dark Souls 3</td>
        <td align="right">R 799.00</td>
    </tr>

    <tr>
        <td>Fable Anniversary</td>
        <td align="right">R 359.00</td>
    </tr>

    <tr>
        <td>Grim Dawn</td>
        <td align="right">R 269.00</td>
    </tr>

    <tr>
        <td>The Elder scrolls V: Skyrim</td>
        <td align="right">R 219.00</td>
    </tr>

    <tr>
        <td>The Witcher 3: Wild Hunt</td>
        <td align="right">R 399.99</td>
    </tr>
    </tbody>
</table>
<h2>Uncategorized</h2>
<table width="400">
    <tbody>
    <tr>
        <th align="left">Product</th>
        <th align="right">Price</th>
    </tr>

    <tr>
        <td>7 Days to Die</td>
        <td align="right">R 269.00</td>
    </tr>

    <tr>
        <td>DayZ</td>
        <td align="right">R 429.00</td>
    </tr>

    <tr>
        <td>Portal Bundle</td>
        <td align="right">R 246.00</td>
    </tr>

    <tr>
        <td>Tales of Berseria</td>
        <td align="right">R 757.00</td>
    </tr>
    </tbody>
</table>

</body>
</html>